Found 1 audit directories to build

==================================================
Building audit image: evmbench/audit:2025-12-lido-v3-core
==================================================
[evmbench/audit:2025-12-lido-v3-core] #0 building with "default" instance using docker driver
[evmbench/audit:2025-12-lido-v3-core] 
[evmbench/audit:2025-12-lido-v3-core] #1 [internal] load build definition from Dockerfile
[evmbench/audit:2025-12-lido-v3-core] #1 transferring dockerfile: 2.06kB done
[evmbench/audit:2025-12-lido-v3-core] #1 DONE 0.0s
[evmbench/audit:2025-12-lido-v3-core] 
[evmbench/audit:2025-12-lido-v3-core] #2 [internal] load metadata for docker.io/pranay5255/yudaii_evmbench@sha256:745a1f8d9c49a855f02d0a7254e902f139f4d385a889d1815d699ab05c16c1a0
[evmbench/audit:2025-12-lido-v3-core] #2 DONE 0.0s
[evmbench/audit:2025-12-lido-v3-core] 
[evmbench/audit:2025-12-lido-v3-core] #3 [internal] load .dockerignore
[evmbench/audit:2025-12-lido-v3-core] #3 transferring context: 70B done
[evmbench/audit:2025-12-lido-v3-core] #3 DONE 0.0s
[evmbench/audit:2025-12-lido-v3-core] 
[evmbench/audit:2025-12-lido-v3-core] #4 [1/4] FROM docker.io/pranay5255/yudaii_evmbench@sha256:745a1f8d9c49a855f02d0a7254e902f139f4d385a889d1815d699ab05c16c1a0
[evmbench/audit:2025-12-lido-v3-core] #4 DONE 0.0s
[evmbench/audit:2025-12-lido-v3-core] 
[evmbench/audit:2025-12-lido-v3-core] #5 [2/4] RUN curl -fsSL         https://nodejs.org/dist/v22.15.0/node-v22.15.0-linux-x64.tar.xz         -o /tmp/node-v22.15.0-linux-x64.tar.xz     && echo "dafe2e8f82cb97de1bd10db9e2ec4c07bbf53389b0799b1e095a918951e78fd4  /tmp/node-v22.15.0-linux-x64.tar.xz"         | sha256sum -c -     && mkdir -p /opt/node-v22.15.0     && tar --no-same-owner --strip-components=1 -xJf         /tmp/node-v22.15.0-linux-x64.tar.xz         -C /opt/node-v22.15.0     && rm /tmp/node-v22.15.0-linux-x64.tar.xz
[evmbench/audit:2025-12-lido-v3-core] #5 CACHED
[evmbench/audit:2025-12-lido-v3-core] 
[evmbench/audit:2025-12-lido-v3-core] #6 [3/4] RUN test "$(node --version)" = "v22.15.0"     && mkdir -p "/home/agent/audit"     && cd "/home/agent/audit"     && git init     && git remote add origin https://github.com/lidofinance/core.git     && git fetch --depth=1 origin 22cab0f0372015f2d2fce8bede64e98beae28571     && git checkout --detach FETCH_HEAD     && test "$(git rev-parse HEAD)" = "22cab0f0372015f2d2fce8bede64e98beae28571"     && test "$(git rev-list --all --count)" = "1"     && git submodule update --init --recursive --depth=1     && test "$(git -C foundry/lib/forge-std rev-parse HEAD)" =         "8f24d6b04c92975e0795b5868aa0d783251cdeaa"     && corepack yarn install --immutable     && corepack yarn compile     && corepack yarn test     && find "/home/agent/audit" -type f -iname '*.pdf' -delete     && find "/home/agent/audit" -mindepth 2 -name .git -prune -exec rm -rf {} +     && rm -rf "/home/agent/audit/.git/modules"     && test -z "$(find "/home/agent/audit" -type f -iname '*.pdf' -print -quit)"     && test -z "$(find "/home/agent/audit" -mindepth 2 -name .git -print -quit)"     && test ! -e "/home/agent/audit/.git/modules"     && test "$(git rev-parse HEAD)" = "22cab0f0372015f2d2fce8bede64e98beae28571"     && test "$(git rev-list --all --count)" = "1"     && test -z "$(git ls-tree -r --name-only HEAD | grep -Ei '\.(pdf|jsonl)$')"
[evmbench/audit:2025-12-lido-v3-core] #6 CACHED
[evmbench/audit:2025-12-lido-v3-core] 
[evmbench/audit:2025-12-lido-v3-core] #7 [4/4] WORKDIR /home/agent
[evmbench/audit:2025-12-lido-v3-core] #7 CACHED
[evmbench/audit:2025-12-lido-v3-core] 
[evmbench/audit:2025-12-lido-v3-core] #8 exporting to image
[evmbench/audit:2025-12-lido-v3-core] #8 exporting layers done
[evmbench/audit:2025-12-lido-v3-core] #8 writing image sha256:5b9ba64cb56749554da391939e53e29ce4d7c1663fa0fa981b144ff4e144e416 done
[evmbench/audit:2025-12-lido-v3-core] #8 naming to docker.io/evmbench/audit:2025-12-lido-v3-core done
[evmbench/audit:2025-12-lido-v3-core] #8 DONE 0.0s
✅ Successfully built: evmbench/audit:2025-12-lido-v3-core

Build Summary:
✅ 1 builds succeeded
['evmbench/audit:2025-12-lido-v3-core']
❌ 0 builds failed
[]
