The push refers to repository [docker.io/pranay5255/yudaii_evmbench]
2fa4c5960f7d: Preparing
d8adcc4c9618: Preparing
ba265c363d2f: Preparing
888cf156e87f: Preparing
5f70bf18a086: Preparing
f40e6f134626: Preparing
04e41e22b8f6: Preparing
957c34d91b08: Preparing
fc95983f78e7: Preparing
99ab40bce873: Preparing
1d1e59fb3586: Preparing
f2ec4de84f55: Preparing
fc95983f78e7: Waiting
f40e6f134626: Waiting
04e41e22b8f6: Waiting
957c34d91b08: Waiting
1d1e59fb3586: Waiting
f2ec4de84f55: Waiting
99ab40bce873: Waiting
5f70bf18a086: Layer already exists
2fa4c5960f7d: Layer already exists
ba265c363d2f: Layer already exists
888cf156e87f: Layer already exists
d8adcc4c9618: Layer already exists
f40e6f134626: Layer already exists
99ab40bce873: Layer already exists
957c34d91b08: Layer already exists
fc95983f78e7: Layer already exists
04e41e22b8f6: Layer already exists
1d1e59fb3586: Layer already exists
f2ec4de84f55: Layer already exists
2025-12-lido-v3-core-verifier: digest: sha256:85bc90283899514489f8f071d10efea3f37f866e2984c56b36f96cd4eea6f2c4 size: 2835
