Found 1 audit directories to build

==================================================
Building audit image: evmbench/audit:2025-03-hemi-vusd
==================================================
[evmbench/audit:2025-03-hemi-vusd] #0 building with "default" instance using docker driver
[evmbench/audit:2025-03-hemi-vusd] 
[evmbench/audit:2025-03-hemi-vusd] #1 [internal] load build definition from Dockerfile
[evmbench/audit:2025-03-hemi-vusd] #1 transferring dockerfile: 1.35kB done
[evmbench/audit:2025-03-hemi-vusd] #1 DONE 0.0s
[evmbench/audit:2025-03-hemi-vusd] 
[evmbench/audit:2025-03-hemi-vusd] #2 [internal] load metadata for docker.io/pranay5255/yudaii_evmbench@sha256:745a1f8d9c49a855f02d0a7254e902f139f4d385a889d1815d699ab05c16c1a0
[evmbench/audit:2025-03-hemi-vusd] #2 DONE 0.0s
[evmbench/audit:2025-03-hemi-vusd] 
[evmbench/audit:2025-03-hemi-vusd] #3 [internal] load .dockerignore
[evmbench/audit:2025-03-hemi-vusd] #3 transferring context: 70B done
[evmbench/audit:2025-03-hemi-vusd] #3 DONE 0.0s
[evmbench/audit:2025-03-hemi-vusd] 
[evmbench/audit:2025-03-hemi-vusd] #4 [1/3] FROM docker.io/pranay5255/yudaii_evmbench@sha256:745a1f8d9c49a855f02d0a7254e902f139f4d385a889d1815d699ab05c16c1a0
[evmbench/audit:2025-03-hemi-vusd] #4 DONE 0.0s
[evmbench/audit:2025-03-hemi-vusd] 
[evmbench/audit:2025-03-hemi-vusd] #5 [2/3] RUN test "$(node --version)" = "v22.22.3"     && mkdir -p "/home/agent/audit"     && cd "/home/agent/audit"     && git init     && git remote add origin         https://github.com/hemilabs/vusd-stablecoin.git     && git fetch --depth=1 origin         54f9f235f26df813152b3d3235e7f4373ce473b6     && git checkout --detach FETCH_HEAD     && test "$(git rev-parse HEAD)" =         "54f9f235f26df813152b3d3235e7f4373ce473b6"     && test "$(git rev-list --all --count)" = "1"     && test -z "$(git submodule status --recursive)"     && npm ci     && npm run compile     && find "/home/agent/audit" -type f -iname '*.pdf' -delete     && find "/home/agent/audit" -mindepth 2 -name .git -prune -exec rm -rf {} +     && test -z "$(find "/home/agent/audit" -type f -iname '*.pdf' -print -quit)"     && test -z "$(find "/home/agent/audit" -mindepth 2 -name .git -print -quit)"     && cd "/home/agent/audit"     && test "$(git rev-parse HEAD)" =         "54f9f235f26df813152b3d3235e7f4373ce473b6"     && test "$(git rev-list --all --count)" = "1"     && test -z "$(git ls-tree -r --name-only HEAD | grep -Ei '\.(pdf|jsonl)$')"
[evmbench/audit:2025-03-hemi-vusd] #5 CACHED
[evmbench/audit:2025-03-hemi-vusd] 
[evmbench/audit:2025-03-hemi-vusd] #6 [3/3] WORKDIR /home/agent
[evmbench/audit:2025-03-hemi-vusd] #6 CACHED
[evmbench/audit:2025-03-hemi-vusd] 
[evmbench/audit:2025-03-hemi-vusd] #7 exporting to image
[evmbench/audit:2025-03-hemi-vusd] #7 exporting layers done
[evmbench/audit:2025-03-hemi-vusd] #7 writing image sha256:6d5805038ba1478c51900f86a7714fa5db7c972da2333fd640b3aedd088c351d done
[evmbench/audit:2025-03-hemi-vusd] #7 naming to docker.io/evmbench/audit:2025-03-hemi-vusd done
[evmbench/audit:2025-03-hemi-vusd] #7 DONE 0.0s
✅ Successfully built: evmbench/audit:2025-03-hemi-vusd

Build Summary:
✅ 1 builds succeeded
['evmbench/audit:2025-03-hemi-vusd']
❌ 0 builds failed
[]
