The push refers to repository [docker.io/pranay5255/yudaii_evmbench]
4dc314c96dc6: Preparing
749fab39307e: Preparing
e279c4b944bd: Preparing
8b67e8b64d9c: Preparing
5f70bf18a086: Preparing
6575b534ad75: Preparing
b1394b45b017: Preparing
b4ab08df162d: Preparing
fc95983f78e7: Preparing
99ab40bce873: Preparing
1d1e59fb3586: Preparing
f2ec4de84f55: Preparing
b4ab08df162d: Waiting
fc95983f78e7: Waiting
99ab40bce873: Waiting
1d1e59fb3586: Waiting
f2ec4de84f55: Waiting
6575b534ad75: Waiting
b1394b45b017: Waiting
5f70bf18a086: Layer already exists
749fab39307e: Pushed
e279c4b944bd: Pushed
4dc314c96dc6: Pushed
b4ab08df162d: Layer already exists
fc95983f78e7: Layer already exists
99ab40bce873: Layer already exists
1d1e59fb3586: Layer already exists
f2ec4de84f55: Layer already exists
6575b534ad75: Pushed
b1394b45b017: Pushed
8b67e8b64d9c: Pushed
2025-07-securitize-onofframp-verifier-789994ef6445848e-amd64: digest: sha256:76a3bcd95bea624b14eb506977f40d3f1cbf751e7381271fc056eb5053b6fd02 size: 2839
The push refers to repository [docker.io/pranay5255/yudaii_evmbench]
4dc314c96dc6: Preparing
749fab39307e: Preparing
e279c4b944bd: Preparing
8b67e8b64d9c: Preparing
5f70bf18a086: Preparing
6575b534ad75: Preparing
b1394b45b017: Preparing
b4ab08df162d: Preparing
fc95983f78e7: Preparing
99ab40bce873: Preparing
1d1e59fb3586: Preparing
f2ec4de84f55: Preparing
6575b534ad75: Waiting
b1394b45b017: Waiting
b4ab08df162d: Waiting
fc95983f78e7: Waiting
99ab40bce873: Waiting
1d1e59fb3586: Waiting
f2ec4de84f55: Waiting
8b67e8b64d9c: Layer already exists
5f70bf18a086: Layer already exists
749fab39307e: Layer already exists
e279c4b944bd: Layer already exists
4dc314c96dc6: Layer already exists
b1394b45b017: Layer already exists
fc95983f78e7: Layer already exists
6575b534ad75: Layer already exists
b4ab08df162d: Layer already exists
99ab40bce873: Layer already exists
1d1e59fb3586: Layer already exists
f2ec4de84f55: Layer already exists
2025-07-securitize-onofframp-verifier: digest: sha256:76a3bcd95bea624b14eb506977f40d3f1cbf751e7381271fc056eb5053b6fd02 size: 2839
