Found 1 audit directories to build

==================================================
Building audit image: evmbench/audit:2025-02-train-protocol
==================================================
[evmbench/audit:2025-02-train-protocol] #0 building with "default" instance using docker driver
[evmbench/audit:2025-02-train-protocol] 
[evmbench/audit:2025-02-train-protocol] #1 [internal] load build definition from Dockerfile
[evmbench/audit:2025-02-train-protocol] #1 transferring dockerfile: 2.03kB done
[evmbench/audit:2025-02-train-protocol] #1 DONE 0.0s
[evmbench/audit:2025-02-train-protocol] 
[evmbench/audit:2025-02-train-protocol] #2 [internal] load metadata for docker.io/pranay5255/yudaii_evmbench@sha256:745a1f8d9c49a855f02d0a7254e902f139f4d385a889d1815d699ab05c16c1a0
[evmbench/audit:2025-02-train-protocol] #2 DONE 0.0s
[evmbench/audit:2025-02-train-protocol] 
[evmbench/audit:2025-02-train-protocol] #3 [internal] load .dockerignore
[evmbench/audit:2025-02-train-protocol] #3 transferring context: 70B done
[evmbench/audit:2025-02-train-protocol] #3 DONE 0.0s
[evmbench/audit:2025-02-train-protocol] 
[evmbench/audit:2025-02-train-protocol] #4 [1/4] FROM docker.io/pranay5255/yudaii_evmbench@sha256:745a1f8d9c49a855f02d0a7254e902f139f4d385a889d1815d699ab05c16c1a0
[evmbench/audit:2025-02-train-protocol] #4 DONE 0.0s
[evmbench/audit:2025-02-train-protocol] 
[evmbench/audit:2025-02-train-protocol] #5 [2/4] RUN curl -fsSL         https://nodejs.org/dist/v22.15.0/node-v22.15.0-linux-x64.tar.xz         -o /tmp/node-v22.15.0-linux-x64.tar.xz     && echo "dafe2e8f82cb97de1bd10db9e2ec4c07bbf53389b0799b1e095a918951e78fd4  /tmp/node-v22.15.0-linux-x64.tar.xz"         | sha256sum -c -     && mkdir -p /opt/node-v22.15.0     && tar --no-same-owner --strip-components=1 -xJf         /tmp/node-v22.15.0-linux-x64.tar.xz         -C /opt/node-v22.15.0     && rm /tmp/node-v22.15.0-linux-x64.tar.xz
[evmbench/audit:2025-02-train-protocol] #5 CACHED
[evmbench/audit:2025-02-train-protocol] 
[evmbench/audit:2025-02-train-protocol] #6 [3/4] RUN test "$(node --version)" = "v22.15.0"     && mkdir -p "/home/agent/audit"     && cd "/home/agent/audit"     && git init     && git remote add origin         https://github.com/layerswap/layerswap-atomic-bridge.git     && git fetch --depth=1 origin         6c96f61d7d6c7e8a8991a12e40068ab53b0a9e7b     && git checkout --detach FETCH_HEAD     && test "$(git rev-parse HEAD)" =         "6c96f61d7d6c7e8a8991a12e40068ab53b0a9e7b"     && test "$(git rev-list --all --count)" = "1"     && test -z "$(git submodule status --recursive)"     && cd "/home/agent/audit/chains/evm/solidity"     && npm ci --legacy-peer-deps     && PRIV_KEY=0x1111111111111111111111111111111111111111111111111111111111111111         npx hardhat compile     && find "/home/agent/audit" -type f -iname '*.pdf' -delete     && find "/home/agent/audit" -mindepth 2 -name .git -prune -exec rm -rf {} +     && test -z "$(find "/home/agent/audit" -type f -iname '*.pdf' -print -quit)"     && test -z "$(find "/home/agent/audit" -mindepth 2 -name .git -print -quit)"     && cd "/home/agent/audit"     && test "$(git rev-parse HEAD)" =         "6c96f61d7d6c7e8a8991a12e40068ab53b0a9e7b"     && test "$(git rev-list --all --count)" = "1"     && test -z "$(git ls-tree -r --name-only HEAD | grep -Ei '\.(pdf|jsonl)$')"
[evmbench/audit:2025-02-train-protocol] #6 CACHED
[evmbench/audit:2025-02-train-protocol] 
[evmbench/audit:2025-02-train-protocol] #7 [4/4] WORKDIR /home/agent
[evmbench/audit:2025-02-train-protocol] #7 CACHED
[evmbench/audit:2025-02-train-protocol] 
[evmbench/audit:2025-02-train-protocol] #8 exporting to image
[evmbench/audit:2025-02-train-protocol] #8 exporting layers done
[evmbench/audit:2025-02-train-protocol] #8 writing image sha256:64a4ff7656582511090e05492a5c0e862ebd03cd8817c6c960bd614a4b6e3e63 done
[evmbench/audit:2025-02-train-protocol] #8 naming to docker.io/evmbench/audit:2025-02-train-protocol done
[evmbench/audit:2025-02-train-protocol] #8 DONE 0.0s
✅ Successfully built: evmbench/audit:2025-02-train-protocol

Build Summary:
✅ 1 builds succeeded
['evmbench/audit:2025-02-train-protocol']
❌ 0 builds failed
[]
